  $ /home/brian/Dev/ml/stanc3/stanc.exe notfound.stan
Error: file 'notfound.stan' not found or cannot be opened
[exit 1]
