  $ /home/brian/Dev/ml/stanc3/stanc.exe --auto-format domain_fail.stan
parameters {
  real<lower=0> x;
}
model {
  target += -sqrt(-x);
}

  $ /home/brian/Dev/ml/stanc3/stanc.exe --auto-format valid.stan
parameters {
  real x;
}
model {
  target += -0.5 * square(x);
}

