  $ /home/brian/Dev/ml/stanc3/stanc.exe --auto-format gauss.stan
parameters {
  real x;
}
model {
  x ~ normal(0, 1);
}

  $ /home/brian/Dev/ml/stanc3/stanc.exe --auto-format gauss3D.stan
parameters {
  array[3] real x;
}
model {
  x ~ normal(0, 1);
}

