  $ /home/brian/Dev/ml/stanc3/stanc.exe --auto-format command.stan
data {
  real y;
}
parameters {
  real mu;
}
model {
  y ~ normal(mu, 1);
}

  $ /home/brian/Dev/ml/stanc3/stanc.exe --auto-format gauss.stan
parameters {
  real x;
}
model {
  x ~ normal(0, 1);
}

